{
 "url": "https://kurzlernen.de/drone_simulator.html?diag-ci=31dba2a018c9c1fc99eb83d0c46b7e2f21eeebe6",
 "steps": [
  {
   "name": "boot-5s",
   "ms": 7670,
   "fps": 11.1,
   "drawCalls": 127,
   "triangles": 53337,
   "lines": 13231,
   "programs": 25,
   "status": "SIM ready: shared production runtime active.",
   "worldMode": "training",
   "neonMeshes": "851",
   "terrainShapes": "1",
   "droneHp": "100",
   "footTouch": "single-owner-foot-touch-v2",
   "walkMode": "drone",
   "menuHidden": false
  },
  {
   "name": "menu",
   "ms": 2642,
   "fps": 11.6,
   "drawCalls": 127,
   "triangles": 53337,
   "lines": 13231,
   "programs": 25,
   "status": "SIM ready: shared production runtime active.",
   "worldMode": "training",
   "neonMeshes": "851",
   "terrainShapes": "1",
   "droneHp": "100",
   "footTouch": "single-owner-foot-touch-v2",
   "walkMode": "drone",
   "menuHidden": false
  },
  {
   "name": "started",
   "ms": 18084,
   "fps": 8.4,
   "drawCalls": 138,
   "triangles": 82308,
   "lines": 12960,
   "programs": 54,
   "status": "SIM ready: shared production runtime active.",
   "worldMode": "real",
   "mapSync": "data-only-topdown-v1",
   "cityBuildings": "661",
   "collisionPrisms": "900",
   "neonMeshes": "876",
   "terrainShapes": "1",
   "droneHp": "100",
   "footTouch": "single-owner-foot-touch-v2",
   "walkMode": "drone",
   "menuHidden": true
  },
  {
   "name": "city-drone",
   "ms": 4140,
   "fps": 10.1,
   "drawCalls": 176,
   "triangles": 84785,
   "lines": 12960,
   "programs": 54,
   "status": "SIM ready: shared production runtime active.",
   "worldMode": "real",
   "mapSync": "data-only-topdown-v1",
   "cityBuildings": "661",
   "collisionPrisms": "900",
   "neonMeshes": "876",
   "terrainShapes": "1",
   "droneHp": "100",
   "footTouch": "single-owner-foot-touch-v2",
   "walkMode": "drone",
   "menuHidden": true
  },
  {
   "name": "minimap-expanded",
   "ms": 3553,
   "fps": 9.3,
   "drawCalls": 190,
   "triangles": 83811,
   "lines": 12960,
   "programs": 54,
   "status": "SIM ready: shared production runtime active.",
   "worldMode": "real",
   "mapSync": "data-only-topdown-v1",
   "cityBuildings": "661",
   "collisionPrisms": "900",
   "neonMeshes": "876",
   "terrainShapes": "1",
   "droneHp": "100",
   "footTouch": "single-owner-foot-touch-v2",
   "walkMode": "drone",
   "menuHidden": true
  },
  {
   "name": "on-foot",
   "ms": 5156,
   "fps": 9.5,
   "drawCalls": 204,
   "triangles": 87085,
   "lines": 12960,
   "programs": 57,
   "status": "SIM ready: shared production runtime active.",
   "worldMode": "real",
   "mapSync": "data-only-topdown-v1",
   "cityBuildings": "661",
   "collisionPrisms": "900",
   "neonMeshes": "948",
   "terrainShapes": "1",
   "droneHp": "100",
   "footTouch": "single-owner-foot-touch-v2",
   "walkMode": "foot",
   "menuHidden": true
  },
  {
   "name": "foot-touch-move",
   "ms": 7244,
   "fps": 10.1,
   "drawCalls": 200,
   "triangles": 86971,
   "lines": 12960,
   "programs": 57,
   "status": "SIM ready: shared production runtime active.",
   "worldMode": "real",
   "mapSync": "data-only-topdown-v1",
   "cityBuildings": "661",
   "collisionPrisms": "900",
   "neonMeshes": "948",
   "terrainShapes": "1",
   "droneHp": "100",
   "footTouch": "single-owner-foot-touch-v2",
   "walkMode": "foot",
   "menuHidden": true
  },
  {
   "name": "nuke-fired",
   "ms": 4806,
   "fps": 2,
   "drawCalls": 198,
   "triangles": 126525,
   "lines": 13326,
   "programs": 74,
   "status": "SIM ready: shared production runtime active.",
   "worldMode": "real",
   "mapSync": "data-only-topdown-v1",
   "cityBuildings": "657",
   "collisionPrisms": "900",
   "neonMeshes": "1113",
   "terrainShapes": "260",
   "nukeDebris": "823",
   "nukeFlung": "34",
   "nukeBuildings": "445",
   "nukeActors": "74",
   "droneHp": "100",
   "footTouch": "single-owner-foot-touch-v2",
   "walkMode": "drone",
   "menuHidden": true
  },
  {
   "name": "nuke-3s",
   "ms": 4455,
   "fps": 6.6,
   "drawCalls": 198,
   "triangles": 125253,
   "lines": 13326,
   "programs": 74,
   "status": "SIM ready: shared production runtime active.",
   "worldMode": "real",
   "mapSync": "data-only-topdown-v1",
   "cityBuildings": "657",
   "collisionPrisms": "900",
   "neonMeshes": "1113",
   "terrainShapes": "260",
   "nukeDebris": "823",
   "nukeFlung": "34",
   "nukeBuildings": "445",
   "nukeActors": "74",
   "droneHp": "100",
   "footTouch": "single-owner-foot-touch-v2",
   "walkMode": "drone",
   "menuHidden": true
  },
  {
   "name": "nuke-8s",
   "ms": 7974,
   "fps": 6.6,
   "drawCalls": 204,
   "triangles": 125937,
   "lines": 13326,
   "programs": 74,
   "status": "SIM ready: shared production runtime active.",
   "worldMode": "real",
   "mapSync": "data-only-topdown-v1",
   "cityBuildings": "658",
   "collisionPrisms": "900",
   "neonMeshes": "1113",
   "terrainShapes": "260",
   "nukeDebris": "854",
   "nukeFlung": "34",
   "nukeBuildings": "445",
   "nukeActors": "74",
   "droneHp": "100",
   "footTouch": "single-owner-foot-touch-v2",
   "walkMode": "drone",
   "menuHidden": true
  },
  {
   "name": "nuke-16s",
   "ms": 10813,
   "fps": 8.6,
   "drawCalls": 73,
   "triangles": 106305,
   "lines": 13326,
   "programs": 84,
   "status": "SIM ready: shared production runtime active.",
   "worldMode": "real",
   "mapSync": "data-only-topdown-v1",
   "cityBuildings": "658",
   "collisionPrisms": "900",
   "neonMeshes": "1113",
   "terrainShapes": "260",
   "nukeDebris": "854",
   "nukeFlung": "34",
   "nukeBuildings": "445",
   "nukeActors": "74",
   "droneHp": "100",
   "footTouch": "single-owner-foot-touch-v2",
   "walkMode": "drone",
   "menuHidden": true
  },
  {
   "name": "nuke-30s",
   "ms": 16764,
   "fps": 10.3,
   "drawCalls": 23,
   "triangles": 80289,
   "lines": 13326,
   "programs": 79,
   "status": "SIM ready: shared production runtime active.",
   "worldMode": "real",
   "mapSync": "data-only-topdown-v1",
   "cityBuildings": "658",
   "collisionPrisms": "90
